Archive member included because of file (symbol)

c:/codesourcery/sourcery g++ lite/bin/../lib/gcc/arm-none-eabi/4.8.1/../../../../arm-none-eabi/lib/thumb2\libm.a(lib_a-wf_atan2.o)
                              build/src/sensor.c.o (atan2f)
c:/codesourcery/sourcery g++ lite/bin/../lib/gcc/arm-none-eabi/4.8.1/../../../../arm-none-eabi/lib/thumb2\libm.a(lib_a-ef_atan2.o)
                              c:/codesourcery/sourcery g++ lite/bin/../lib/gcc/arm-none-eabi/4.8.1/../../../../arm-none-eabi/lib/thumb2\libm.a(lib_a-wf_atan2.o) (__ieee754_atan2f)
c:/codesourcery/sourcery g++ lite/bin/../lib/gcc/arm-none-eabi/4.8.1/../../../../arm-none-eabi/lib/thumb2\libm.a(lib_a-sf_atan.o)
                              c:/codesourcery/sourcery g++ lite/bin/../lib/gcc/arm-none-eabi/4.8.1/../../../../arm-none-eabi/lib/thumb2\libm.a(lib_a-ef_atan2.o) (atanf)
c:/codesourcery/sourcery g++ lite/bin/../lib/gcc/arm-none-eabi/4.8.1/../../../../arm-none-eabi/lib/thumb2\libm.a(lib_a-sf_fabs.o)
                              c:/codesourcery/sourcery g++ lite/bin/../lib/gcc/arm-none-eabi/4.8.1/../../../../arm-none-eabi/lib/thumb2\libm.a(lib_a-ef_atan2.o) (fabsf)
c:/codesourcery/sourcery g++ lite/bin/../lib/gcc/arm-none-eabi/4.8.1/thumb2\libgcc.a(_arm_addsubdf3.o)
                              build/src/motor.c.o (__aeabi_i2d)
c:/codesourcery/sourcery g++ lite/bin/../lib/gcc/arm-none-eabi/4.8.1/thumb2\libgcc.a(_arm_muldivdf3.o)
                              build/src/motor.c.o (__aeabi_dmul)
c:/codesourcery/sourcery g++ lite/bin/../lib/gcc/arm-none-eabi/4.8.1/thumb2\libgcc.a(_arm_fixunsdfsi.o)
                              build/src/motor.c.o (__aeabi_d2uiz)
c:/codesourcery/sourcery g++ lite/bin/../lib/gcc/arm-none-eabi/4.8.1/thumb2\libgcc.a(_arm_addsubsf3.o)
                              build/src/motor.c.o (__aeabi_fsub)
c:/codesourcery/sourcery g++ lite/bin/../lib/gcc/arm-none-eabi/4.8.1/thumb2\libgcc.a(_arm_muldivsf3.o)
                              build/src/main.c.o (__aeabi_fmul)
c:/codesourcery/sourcery g++ lite/bin/../lib/gcc/arm-none-eabi/4.8.1/thumb2\libgcc.a(_arm_cmpsf2.o)
                              build/src/motor.c.o (__aeabi_fcmplt)
c:/codesourcery/sourcery g++ lite/bin/../lib/gcc/arm-none-eabi/4.8.1/thumb2\libgcc.a(_arm_fixsfsi.o)
                              build/src/main.c.o (__aeabi_f2iz)

Discarded input sections

 .text          0x00000000        0x0 c:/codesourcery/sourcery g++ lite/bin/../lib/gcc/arm-none-eabi/4.8.1/thumb2/crti.o
 .data          0x00000000        0x0 c:/codesourcery/sourcery g++ lite/bin/../lib/gcc/arm-none-eabi/4.8.1/thumb2/crti.o
 .bss           0x00000000        0x0 c:/codesourcery/sourcery g++ lite/bin/../lib/gcc/arm-none-eabi/4.8.1/thumb2/crti.o
 .text          0x00000000       0xc8 c:/codesourcery/sourcery g++ lite/bin/../lib/gcc/arm-none-eabi/4.8.1/thumb2/crtbegin.o
 .data          0x00000000        0x4 c:/codesourcery/sourcery g++ lite/bin/../lib/gcc/arm-none-eabi/4.8.1/thumb2/crtbegin.o
 .bss           0x00000000       0x1c c:/codesourcery/sourcery g++ lite/bin/../lib/gcc/arm-none-eabi/4.8.1/thumb2/crtbegin.o
 .init_array    0x00000000        0x4 c:/codesourcery/sourcery g++ lite/bin/../lib/gcc/arm-none-eabi/4.8.1/thumb2/crtbegin.o
 .fini_array    0x00000000        0x4 c:/codesourcery/sourcery g++ lite/bin/../lib/gcc/arm-none-eabi/4.8.1/thumb2/crtbegin.o
 .eh_frame      0x00000000        0x0 c:/codesourcery/sourcery g++ lite/bin/../lib/gcc/arm-none-eabi/4.8.1/thumb2/crtbegin.o
 .jcr           0x00000000        0x0 c:/codesourcery/sourcery g++ lite/bin/../lib/gcc/arm-none-eabi/4.8.1/thumb2/crtbegin.o
 .tm_clone_table
                0x00000000        0x0 c:/codesourcery/sourcery g++ lite/bin/../lib/gcc/arm-none-eabi/4.8.1/thumb2/crtbegin.o
 .ARM.attributes
                0x00000000       0x29 c:/codesourcery/sourcery g++ lite/bin/../lib/gcc/arm-none-eabi/4.8.1/thumb2/crtbegin.o
 .group         0x00000000        0x8 build/src/main.c.o
 .group         0x00000000        0x8 build/src/main.c.o
 .group         0x00000000        0x8 build/src/main.c.o
 .group         0x00000000        0x8 build/src/main.c.o
 .group         0x00000000        0x8 build/src/main.c.o
 .group         0x00000000        0x8 build/src/main.c.o
 .group         0x00000000        0x8 build/src/main.c.o
 .group         0x00000000        0x8 build/src/main.c.o
 .text          0x00000000        0x0 build/src/main.c.o
 .data          0x00000000        0x0 build/src/main.c.o
 .bss           0x00000000        0x0 build/src/main.c.o
 .group         0x00000000        0x8 build/src/system_stm32f103xb.c.o
 .group         0x00000000        0x8 build/src/system_stm32f103xb.c.o
 .group         0x00000000        0x8 build/src/system_stm32f103xb.c.o
 .group         0x00000000        0x8 build/src/system_stm32f103xb.c.o
 .group         0x00000000        0x8 build/src/system_stm32f103xb.c.o
 .group         0x00000000        0x8 build/src/system_stm32f103xb.c.o
 .group         0x00000000        0x8 build/src/system_stm32f103xb.c.o
 .text          0x00000000        0x0 build/src/system_stm32f103xb.c.o
 .data          0x00000000        0x0 build/src/system_stm32f103xb.c.o
 .bss           0x00000000        0x0 build/src/system_stm32f103xb.c.o
 .text.SystemCoreClockUpdate
                0x00000000       0x58 build/src/system_stm32f103xb.c.o
 .debug_macro   0x00000000      0x868 build/src/system_stm32f103xb.c.o
 .debug_macro   0x00000000       0x52 build/src/system_stm32f103xb.c.o
 .debug_macro   0x00000000       0x16 build/src/system_stm32f103xb.c.o
 .debug_macro   0x00000000       0x35 build/src/system_stm32f103xb.c.o
 .debug_macro   0x00000000       0xa3 build/src/system_stm32f103xb.c.o
 .debug_macro   0x00000000      0x20e build/src/system_stm32f103xb.c.o
 .group         0x00000000        0x8 build/src/motor.c.o
 .group         0x00000000        0x8 build/src/motor.c.o
 .group         0x00000000        0x8 build/src/motor.c.o
 .group         0x00000000        0x8 build/src/motor.c.o
 .group         0x00000000        0x8 build/src/motor.c.o
 .group         0x00000000        0x8 build/src/motor.c.o
 .group         0x00000000        0x8 build/src/motor.c.o
 .group         0x00000000        0x8 build/src/motor.c.o
 .text          0x00000000        0x0 build/src/motor.c.o
 .data          0x00000000        0x0 build/src/motor.c.o
 .bss           0x00000000        0x0 build/src/motor.c.o
 .debug_macro   0x00000000      0x868 build/src/motor.c.o
 .debug_macro   0x00000000       0x52 build/src/motor.c.o
 .debug_macro   0x00000000       0x16 build/src/motor.c.o
 .debug_macro   0x00000000       0x35 build/src/motor.c.o
 .debug_macro   0x00000000       0xa3 build/src/motor.c.o
 .debug_macro   0x00000000      0x20e build/src/motor.c.o
 .debug_macro   0x00000000      0x2e1 build/src/motor.c.o
 .debug_macro   0x00000000       0x22 build/src/motor.c.o
 .group         0x00000000        0x8 build/src/sensor.c.o
 .group         0x00000000        0x8 build/src/sensor.c.o
 .group         0x00000000        0x8 build/src/sensor.c.o
 .group         0x00000000        0x8 build/src/sensor.c.o
 .group         0x00000000        0x8 build/src/sensor.c.o
 .group         0x00000000        0x8 build/src/sensor.c.o
 .group         0x00000000        0x8 build/src/sensor.c.o
 .group         0x00000000        0x8 build/src/sensor.c.o
 .group         0x00000000        0x8 build/src/sensor.c.o
 .group         0x00000000        0x8 build/src/sensor.c.o
 .group         0x00000000        0x8 build/src/sensor.c.o
 .group         0x00000000        0x8 build/src/sensor.c.o
 .group         0x00000000        0x8 build/src/sensor.c.o
 .text          0x00000000        0x0 build/src/sensor.c.o
 .data          0x00000000        0x0 build/src/sensor.c.o
 .bss           0x00000000        0x0 build/src/sensor.c.o
 .debug_macro   0x00000000      0x868 build/src/sensor.c.o
 .debug_macro   0x00000000       0x52 build/src/sensor.c.o
 .debug_macro   0x00000000       0x16 build/src/sensor.c.o
 .debug_macro   0x00000000       0x35 build/src/sensor.c.o
 .debug_macro   0x00000000       0xa3 build/src/sensor.c.o
 .debug_macro   0x00000000      0x20e build/src/sensor.c.o
 .debug_macro   0x00000000      0x2da build/src/sensor.c.o
 .group         0x00000000        0x8 build/src/serial.c.o
 .group         0x00000000        0x8 build/src/serial.c.o
 .group         0x00000000        0x8 build/src/serial.c.o
 .group         0x00000000        0x8 build/src/serial.c.o
 .group         0x00000000        0x8 build/src/serial.c.o
 .group         0x00000000        0x8 build/src/serial.c.o
 .group         0x00000000        0x8 build/src/serial.c.o
 .text          0x00000000        0x0 build/src/serial.c.o
 .data          0x00000000        0x0 build/src/serial.c.o
 .bss           0x00000000        0x0 build/src/serial.c.o
 .text.Read_CMD
                0x00000000       0x30 build/src/serial.c.o
 .rodata.str1.1
                0x00000000        0xa build/src/serial.c.o
 .debug_macro   0x00000000      0x868 build/src/serial.c.o
 .debug_macro   0x00000000       0x52 build/src/serial.c.o
 .debug_macro   0x00000000       0x16 build/src/serial.c.o
 .debug_macro   0x00000000       0x35 build/src/serial.c.o
 .debug_macro   0x00000000       0xa3 build/src/serial.c.o
 .debug_macro   0x00000000      0x20e build/src/serial.c.o
 .debug_macro   0x00000000      0x2e1 build/src/serial.c.o
 .text          0x00000000        0x0 build/startup/startup_stm32f103xb.s.o
 .data          0x00000000        0x0 build/startup/startup_stm32f103xb.s.o
 .bss           0x00000000        0x0 build/startup/startup_stm32f103xb.s.o
 .data          0x00000000        0x0 c:/codesourcery/sourcery g++ lite/bin/../lib/gcc/arm-none-eabi/4.8.1/../../../../arm-none-eabi/lib/thumb2\libm.a(lib_a-wf_atan2.o)
 .bss           0x00000000        0x0 c:/codesourcery/sourcery g++ lite/bin/../lib/gcc/arm-none-eabi/4.8.1/../../../../arm-none-eabi/lib/thumb2\libm.a(lib_a-wf_atan2.o)
 .data          0x00000000        0x0 c:/codesourcery/sourcery g++ lite/bin/../lib/gcc/arm-none-eabi/4.8.1/../../../../arm-none-eabi/lib/thumb2\libm.a(lib_a-ef_atan2.o)
 .bss           0x00000000        0x0 c:/codesourcery/sourcery g++ lite/bin/../lib/gcc/arm-none-eabi/4.8.1/../../../../arm-none-eabi/lib/thumb2\libm.a(lib_a-ef_atan2.o)
 .data          0x00000000        0x0 c:/codesourcery/sourcery g++ lite/bin/../lib/gcc/arm-none-eabi/4.8.1/../../../../arm-none-eabi/lib/thumb2\libm.a(lib_a-sf_atan.o)
 .bss           0x00000000        0x0 c:/codesourcery/sourcery g++ lite/bin/../lib/gcc/arm-none-eabi/4.8.1/../../../../arm-none-eabi/lib/thumb2\libm.a(lib_a-sf_atan.o)
 .data          0x00000000        0x0 c:/codesourcery/sourcery g++ lite/bin/../lib/gcc/arm-none-eabi/4.8.1/../../../../arm-none-eabi/lib/thumb2\libm.a(lib_a-sf_fabs.o)
 .bss           0x00000000        0x0 c:/codesourcery/sourcery g++ lite/bin/../lib/gcc/arm-none-eabi/4.8.1/../../../../arm-none-eabi/lib/thumb2\libm.a(lib_a-sf_fabs.o)
 .data          0x00000000        0x0 c:/codesourcery/sourcery g++ lite/bin/../lib/gcc/arm-none-eabi/4.8.1/thumb2\libgcc.a(_arm_addsubdf3.o)
 .bss           0x00000000        0x0 c:/codesourcery/sourcery g++ lite/bin/../lib/gcc/arm-none-eabi/4.8.1/thumb2\libgcc.a(_arm_addsubdf3.o)
 .data          0x00000000        0x0 c:/codesourcery/sourcery g++ lite/bin/../lib/gcc/arm-none-eabi/4.8.1/thumb2\libgcc.a(_arm_muldivdf3.o)
 .bss           0x00000000        0x0 c:/codesourcery/sourcery g++ lite/bin/../lib/gcc/arm-none-eabi/4.8.1/thumb2\libgcc.a(_arm_muldivdf3.o)
 .data          0x00000000        0x0 c:/codesourcery/sourcery g++ lite/bin/../lib/gcc/arm-none-eabi/4.8.1/thumb2\libgcc.a(_arm_fixunsdfsi.o)
 .bss           0x00000000        0x0 c:/codesourcery/sourcery g++ lite/bin/../lib/gcc/arm-none-eabi/4.8.1/thumb2\libgcc.a(_arm_fixunsdfsi.o)
 .data          0x00000000        0x0 c:/codesourcery/sourcery g++ lite/bin/../lib/gcc/arm-none-eabi/4.8.1/thumb2\libgcc.a(_arm_addsubsf3.o)
 .bss           0x00000000        0x0 c:/codesourcery/sourcery g++ lite/bin/../lib/gcc/arm-none-eabi/4.8.1/thumb2\libgcc.a(_arm_addsubsf3.o)
 .data          0x00000000        0x0 c:/codesourcery/sourcery g++ lite/bin/../lib/gcc/arm-none-eabi/4.8.1/thumb2\libgcc.a(_arm_muldivsf3.o)
 .bss           0x00000000        0x0 c:/codesourcery/sourcery g++ lite/bin/../lib/gcc/arm-none-eabi/4.8.1/thumb2\libgcc.a(_arm_muldivsf3.o)
 .data          0x00000000        0x0 c:/codesourcery/sourcery g++ lite/bin/../lib/gcc/arm-none-eabi/4.8.1/thumb2\libgcc.a(_arm_cmpsf2.o)
 .bss           0x00000000        0x0 c:/codesourcery/sourcery g++ lite/bin/../lib/gcc/arm-none-eabi/4.8.1/thumb2\libgcc.a(_arm_cmpsf2.o)
 .data          0x00000000        0x0 c:/codesourcery/sourcery g++ lite/bin/../lib/gcc/arm-none-eabi/4.8.1/thumb2\libgcc.a(_arm_fixsfsi.o)
 .bss           0x00000000        0x0 c:/codesourcery/sourcery g++ lite/bin/../lib/gcc/arm-none-eabi/4.8.1/thumb2\libgcc.a(_arm_fixsfsi.o)
 .text          0x00000000        0x0 c:/codesourcery/sourcery g++ lite/bin/../lib/gcc/arm-none-eabi/4.8.1/thumb2/crtend.o
 .data          0x00000000        0x0 c:/codesourcery/sourcery g++ lite/bin/../lib/gcc/arm-none-eabi/4.8.1/thumb2/crtend.o
 .bss           0x00000000        0x0 c:/codesourcery/sourcery g++ lite/bin/../lib/gcc/arm-none-eabi/4.8.1/thumb2/crtend.o
 .eh_frame      0x00000000        0x4 c:/codesourcery/sourcery g++ lite/bin/../lib/gcc/arm-none-eabi/4.8.1/thumb2/crtend.o
 .jcr           0x00000000        0x4 c:/codesourcery/sourcery g++ lite/bin/../lib/gcc/arm-none-eabi/4.8.1/thumb2/crtend.o
 .tm_clone_table
                0x00000000        0x0 c:/codesourcery/sourcery g++ lite/bin/../lib/gcc/arm-none-eabi/4.8.1/thumb2/crtend.o
 .ARM.attributes
                0x00000000       0x29 c:/codesourcery/sourcery g++ lite/bin/../lib/gcc/arm-none-eabi/4.8.1/thumb2/crtend.o
 .text          0x00000000        0x0 c:/codesourcery/sourcery g++ lite/bin/../lib/gcc/arm-none-eabi/4.8.1/thumb2/crtn.o
 .data          0x00000000        0x0 c:/codesourcery/sourcery g++ lite/bin/../lib/gcc/arm-none-eabi/4.8.1/thumb2/crtn.o
 .bss           0x00000000        0x0 c:/codesourcery/sourcery g++ lite/bin/../lib/gcc/arm-none-eabi/4.8.1/thumb2/crtn.o

Memory Configuration

Name             Origin             Length             Attributes
FLASH            0x08000000         0x00020000         xr
RAM              0x20000000         0x00005000         xrw
*default*        0x00000000         0xffffffff

Linker script and memory map

LOAD c:/codesourcery/sourcery g++ lite/bin/../lib/gcc/arm-none-eabi/4.8.1/thumb2/crti.o
LOAD c:/codesourcery/sourcery g++ lite/bin/../lib/gcc/arm-none-eabi/4.8.1/thumb2/crtbegin.o
LOAD build/src/main.c.o
LOAD build/src/system_stm32f103xb.c.o
LOAD build/src/motor.c.o
LOAD build/src/sensor.c.o
LOAD build/src/serial.c.o
LOAD build/startup/startup_stm32f103xb.s.o
LOAD c:/codesourcery/sourcery g++ lite/bin/../lib/gcc/arm-none-eabi/4.8.1/../../../../arm-none-eabi/lib/thumb2\libm.a
START GROUP
LOAD c:/codesourcery/sourcery g++ lite/bin/../lib/gcc/arm-none-eabi/4.8.1/thumb2\libgcc.a
LOAD c:/codesourcery/sourcery g++ lite/bin/../lib/gcc/arm-none-eabi/4.8.1/../../../../arm-none-eabi/lib/thumb2\libc.a
END GROUP
LOAD c:/codesourcery/sourcery g++ lite/bin/../lib/gcc/arm-none-eabi/4.8.1/thumb2/crtend.o
LOAD c:/codesourcery/sourcery g++ lite/bin/../lib/gcc/arm-none-eabi/4.8.1/thumb2/crtn.o
                0x20005000                _estack = (ORIGIN (RAM) + 0x5000)

.isr_vector     0x08000000       0xec
 *(.isr_vector)
 .isr_vector    0x08000000       0xec build/startup/startup_stm32f103xb.s.o

.text           0x080000f0     0x1ffc
 *(.text.Reset_Handler)
 .text.Reset_Handler
                0x080000f0       0x4c build/startup/startup_stm32f103xb.s.o
                0x080000f0                Reset_Handler
 *(.text*)
 .text.delay_ms
                0x0800013c       0x18 build/src/main.c.o
 .text.Get_DT   0x08000154       0x2c build/src/main.c.o
                0x08000154                Get_DT
 .text.TIM1_INIT
                0x08000180       0x2c build/src/main.c.o
                0x08000180                TIM1_INIT
 .text.startup.main
                0x080001ac      0x14c build/src/main.c.o
                0x080001ac                main
 .text.SystemInit
                0x080002f8       0xac build/src/system_stm32f103xb.c.o
                0x080002f8                SystemInit
 .text.Encoder_TIMx_Init
                0x080003a4       0x6a build/src/motor.c.o
 *fill*         0x0800040e        0x2 
 .text.Motor_GPIO_Init
                0x08000410       0xa4 build/src/motor.c.o
                0x08000410                Motor_GPIO_Init
 .text.Encoder_Init
                0x080004b4       0x1c build/src/motor.c.o
                0x080004b4                Encoder_Init
 .text.Motor_PWM_Init
                0x080004d0       0x5a build/src/motor.c.o
                0x080004d0                Motor_PWM_Init
 *fill*         0x0800052a        0x2 
 .text.Motor_SetStandby
                0x0800052c       0x14 build/src/motor.c.o
                0x0800052c                Motor_SetStandby
 .text.Motor_Forward
                0x08000540       0x24 build/src/motor.c.o
                0x08000540                Motor_Forward
 .text.Motor_Reverse
                0x08000564       0x24 build/src/motor.c.o
                0x08000564                Motor_Reverse
 .text.Motor_Brake
                0x08000588       0x24 build/src/motor.c.o
                0x08000588                Motor_Brake
 *fill*         0x080005ac        0x4 
 .text.Motor_SetSigned
                0x080005b0       0x68 build/src/motor.c.o
                0x080005b0                Motor_SetSigned
 .text.Right_GetSpeed
                0x08000618       0x4c build/src/motor.c.o
                0x08000618                Right_GetSpeed
 .text.Left_GetSpeed
                0x08000664       0x4c build/src/motor.c.o
                0x08000664                Left_GetSpeed
 .text.Motor_PID_Control
                0x080006b0       0x38 build/src/motor.c.o
                0x080006b0                Motor_PID_Control
 .text.PrintMotorLog
                0x080006e8       0x88 build/src/motor.c.o
                0x080006e8                PrintMotorLog
 .text.UART_CMD_Process
                0x08000770       0x9c build/src/motor.c.o
                0x08000770                UART_CMD_Process
 .text.wait_set.constprop.4
                0x0800080c       0x20 build/src/sensor.c.o
 .text.I2C2_SendAddress.constprop.2
                0x0800082c       0x2c build/src/sensor.c.o
 .text.I2C2_ReadByte_Nack
                0x08000858       0x2c build/src/sensor.c.o
 .text.I2C2_WriteByte
                0x08000884       0x20 build/src/sensor.c.o
 .text.I2C2_Start
                0x080008a4       0x14 build/src/sensor.c.o
 .text.delay_loop.constprop.5
                0x080008b8       0x10 build/src/sensor.c.o
 .text.I2C2_Recover
                0x080008c8       0xe0 build/src/sensor.c.o
 .text.Sensor_I2C2_Init
                0x080009a8       0x6c build/src/sensor.c.o
                0x080009a8                Sensor_I2C2_Init
 .text.Sensor_FilterReset
                0x08000a14        0x2 build/src/sensor.c.o
                0x08000a14                Sensor_FilterReset
 *fill*         0x08000a16        0x2 
 .text.Sensor_MPU6050_Init
                0x08000a18       0x68 build/src/sensor.c.o
                0x08000a18                Sensor_MPU6050_Init
 .text.Sensor_MPU6050_ReadRaw
                0x08000a80      0x11c build/src/sensor.c.o
                0x08000a80                Sensor_MPU6050_ReadRaw
 .text.Sensor_GetPitchAccDeg
                0x08000b9c       0x28 build/src/sensor.c.o
                0x08000b9c                Sensor_GetPitchAccDeg
 .text.Sensor_GetGyroYDegPerSec
                0x08000bc4       0x14 build/src/sensor.c.o
                0x08000bc4                Sensor_GetGyroYDegPerSec
 .text.Sensor_ComplementaryFilter
                0x08000bd8       0x38 build/src/sensor.c.o
                0x08000bd8                Sensor_ComplementaryFilter
 .text.Sensor_PID_Reset
                0x08000c10        0xc build/src/sensor.c.o
                0x08000c10                Sensor_PID_Reset
 .text.Sensor_PID_Control
                0x08000c1c       0x80 build/src/sensor.c.o
                0x08000c1c                Sensor_PID_Control
 .text.Serial_USART3_Init
                0x08000c9c       0x60 build/src/serial.c.o
                0x08000c9c                Serial_USART3_Init
 .text.Serial_USART2_Init
                0x08000cfc       0x54 build/src/serial.c.o
                0x08000cfc                Serial_USART2_Init
 .text.Serial_WriteChar
                0x08000d50       0x14 build/src/serial.c.o
                0x08000d50                Serial_WriteChar
 .text.Serial_WriteString
                0x08000d64       0x12 build/src/serial.c.o
                0x08000d64                Serial_WriteString
 .text.Serial_WriteInt
                0x08000d76       0x4a build/src/serial.c.o
                0x08000d76                Serial_WriteInt
 .text.Serial_WriteFloat2
                0x08000dc0       0x68 build/src/serial.c.o
                0x08000dc0                Serial_WriteFloat2
 .text.Default_Handler
                0x08000e28       0x6c build/startup/startup_stm32f103xb.s.o
                0x08000e2c                NMI_Handler
                0x08000e2e                HardFault_Handler
                0x08000e30                MemManage_Handler
                0x08000e32                BusFault_Handler
                0x08000e34                UsageFault_Handler
                0x08000e36                SVC_Handler
                0x08000e38                DebugMon_Handler
                0x08000e3a                PendSV_Handler
                0x08000e3c                SysTick_Handler
                0x08000e3e                WWDG_IRQHandler
                0x08000e40                PVD_IRQHandler
                0x08000e42                TAMPER_IRQHandler
                0x08000e44                RTC_IRQHandler
                0x08000e46                FLASH_IRQHandler
                0x08000e48                RCC_IRQHandler
                0x08000e4a                EXTI0_IRQHandler
                0x08000e4c                EXTI1_IRQHandler
                0x08000e4e                EXTI2_IRQHandler
                0x08000e50                EXTI3_IRQHandler
                0x08000e52                EXTI4_IRQHandler
                0x08000e54                DMA1_Channel1_IRQHandler
                0x08000e56                DMA1_Channel2_IRQHandler
                0x08000e58                DMA1_Channel3_IRQHandler
                0x08000e5a                DMA1_Channel4_IRQHandler
                0x08000e5c                DMA1_Channel5_IRQHandler
                0x08000e5e                DMA1_Channel6_IRQHandler
                0x08000e60                DMA1_Channel7_IRQHandler
                0x08000e62                ADC1_2_IRQHandler
                0x08000e64                USB_HP_CAN_TX_IRQHandler
                0x08000e66                USB_LP_CAN_RX0_IRQHandler
                0x08000e68                CAN_RX1_IRQHandler
                0x08000e6a                CAN_SCE_IRQHandler
                0x08000e6c                EXTI9_5_IRQHandler
                0x08000e6e                TIM1_BRK_IRQHandler
                0x08000e70                TIM1_UP_IRQHandler
                0x08000e72                TIM1_TRG_COM_IRQHandler
                0x08000e74                TIM1_CC_IRQHandler
                0x08000e76                TIM2_IRQHandler
                0x08000e78                TIM3_IRQHandler
                0x08000e7a                TIM4_IRQHandler
                0x08000e7c                I2C1_EV_IRQHandler
                0x08000e7e                I2C1_ER_IRQHandler
                0x08000e80                I2C2_EV_IRQHandler
                0x08000e82                I2C2_ER_IRQHandler
                0x08000e84                SPI1_IRQHandler
                0x08000e86                SPI2_IRQHandler
                0x08000e88                USART1_IRQHandler
                0x08000e8a                USART2_IRQHandler
                0x08000e8c                USART3_IRQHandler
                0x08000e8e                EXTI15_10_IRQHandler
                0x08000e90                RTCAlarm_IRQHandler
                0x08000e92                USBWakeUp_IRQHandler
 .text          0x08000e94        0x4 c:/codesourcery/sourcery g++ lite/bin/../lib/gcc/arm-none-eabi/4.8.1/../../../../arm-none-eabi/lib/thumb2\libm.a(lib_a-wf_atan2.o)
                0x08000e94                atan2f
 .text          0x08000e98      0x148 c:/codesourcery/sourcery g++ lite/bin/../lib/gcc/arm-none-eabi/4.8.1/../../../../arm-none-eabi/lib/thumb2\libm.a(lib_a-ef_atan2.o)
                0x08000e98                __ieee754_atan2f
 .text          0x08000fe0      0x230 c:/codesourcery/sourcery g++ lite/bin/../lib/gcc/arm-none-eabi/4.8.1/../../../../arm-none-eabi/lib/thumb2\libm.a(lib_a-sf_atan.o)
                0x08000fe0                atanf
 .text          0x08001210        0x8 c:/codesourcery/sourcery g++ lite/bin/../lib/gcc/arm-none-eabi/4.8.1/../../../../arm-none-eabi/lib/thumb2\libm.a(lib_a-sf_fabs.o)
                0x08001210                fabsf
 .text          0x08001218      0x370 c:/codesourcery/sourcery g++ lite/bin/../lib/gcc/arm-none-eabi/4.8.1/thumb2\libgcc.a(_arm_addsubdf3.o)
                0x08001218                __aeabi_drsub
                0x08001220                __aeabi_dsub
                0x08001220                __subdf3
                0x08001224                __aeabi_dadd
                0x08001224                __adddf3
                0x0800149c                __floatunsidf
                0x0800149c                __aeabi_ui2d
                0x080014bc                __floatsidf
                0x080014bc                __aeabi_i2d
                0x080014e0                __aeabi_f2d
                0x080014e0                __extendsfdf2
                0x0800151c                __floatundidf
                0x0800151c                __aeabi_ul2d
                0x0800152c                __floatdidf
                0x0800152c                __aeabi_l2d
 .text          0x08001588      0x424 c:/codesourcery/sourcery g++ lite/bin/../lib/gcc/arm-none-eabi/4.8.1/thumb2\libgcc.a(_arm_muldivdf3.o)
                0x08001588                __aeabi_dmul
                0x08001588                __muldf3
                0x080017dc                __divdf3
                0x080017dc                __aeabi_ddiv
 .text          0x080019ac       0x40 c:/codesourcery/sourcery g++ lite/bin/../lib/gcc/arm-none-eabi/4.8.1/thumb2\libgcc.a(_arm_fixunsdfsi.o)
                0x080019ac                __aeabi_d2uiz
                0x080019ac                __fixunsdfsi
 .text          0x080019ec      0x21c c:/codesourcery/sourcery g++ lite/bin/../lib/gcc/arm-none-eabi/4.8.1/thumb2\libgcc.a(_arm_addsubsf3.o)
                0x080019ec                __aeabi_frsub
                0x080019f4                __subsf3
                0x080019f4                __aeabi_fsub
                0x080019f8                __aeabi_fadd
                0x080019f8                __addsf3
                0x08001b58                __aeabi_ui2f
                0x08001b58                __floatunsisf
                0x08001b60                __aeabi_i2f
                0x08001b60                __floatsisf
                0x08001b7c                __aeabi_ul2f
                0x08001b7c                __floatundisf
                0x08001b8c                __aeabi_l2f
                0x08001b8c                __floatdisf
 .text          0x08001c08      0x2a0 c:/codesourcery/sourcery g++ lite/bin/../lib/gcc/arm-none-eabi/4.8.1/thumb2\libgcc.a(_arm_muldivsf3.o)
                0x08001c08                __mulsf3
                0x08001c08                __aeabi_fmul
                0x08001d70                __aeabi_fdiv
                0x08001d70                __divsf3
 .text          0x08001ea8       0xec c:/codesourcery/sourcery g++ lite/bin/../lib/gcc/arm-none-eabi/4.8.1/thumb2\libgcc.a(_arm_cmpsf2.o)
                0x08001ea8                __gesf2
                0x08001ea8                __gtsf2
                0x08001eb0                __lesf2
                0x08001eb0                __ltsf2
                0x08001eb8                __nesf2
                0x08001eb8                __eqsf2
                0x08001eb8                __cmpsf2
                0x08001f18                __aeabi_cfrcmple
                0x08001f20                __aeabi_cfcmpeq
                0x08001f20                __aeabi_cfcmple
                0x08001f30                __aeabi_fcmpeq
                0x08001f44                __aeabi_fcmplt
                0x08001f58                __aeabi_fcmple
                0x08001f6c                __aeabi_fcmpge
                0x08001f80                __aeabi_fcmpgt
 .text          0x08001f94       0x4c c:/codesourcery/sourcery g++ lite/bin/../lib/gcc/arm-none-eabi/4.8.1/thumb2\libgcc.a(_arm_fixsfsi.o)
                0x08001f94                __aeabi_f2iz
                0x08001f94                __fixsfsi
 *(.rodata*)
 .rodata.str1.1
                0x08001fe0       0x77 build/src/main.c.o
 .rodata.str1.1
                0x08002057       0x5c build/src/motor.c.o
                                 0x5f (size before relaxing)
 *fill*         0x080020b3        0x1 
 .rodata        0x080020b4       0x20 c:/codesourcery/sourcery g++ lite/bin/../lib/gcc/arm-none-eabi/4.8.1/../../../../arm-none-eabi/lib/thumb2\libm.a(lib_a-sf_atan.o)
 *(.init)
 .init          0x080020d4        0x4 c:/codesourcery/sourcery g++ lite/bin/../lib/gcc/arm-none-eabi/4.8.1/thumb2/crti.o
                0x080020d4                _init
 .init          0x080020d8        0x8 c:/codesourcery/sourcery g++ lite/bin/../lib/gcc/arm-none-eabi/4.8.1/thumb2/crtn.o
 *(.fini)
 .fini          0x080020e0        0x4 c:/codesourcery/sourcery g++ lite/bin/../lib/gcc/arm-none-eabi/4.8.1/thumb2/crti.o
                0x080020e0                _fini
 .fini          0x080020e4        0x8 c:/codesourcery/sourcery g++ lite/bin/../lib/gcc/arm-none-eabi/4.8.1/thumb2/crtn.o
                0x080020ec                _etext = .
                0x080020ec                _sidata = _etext

.glue_7         0x080020ec        0x0
 .glue_7        0x00000000        0x0 linker stubs

.glue_7t        0x080020ec        0x0
 .glue_7t       0x00000000        0x0 linker stubs

.vfp11_veneer   0x080020ec        0x0
 .vfp11_veneer  0x00000000        0x0 linker stubs

.v4_bx          0x080020ec        0x0
 .v4_bx         0x00000000        0x0 linker stubs

.iplt           0x080020ec        0x0
 .iplt          0x00000000        0x0 c:/codesourcery/sourcery g++ lite/bin/../lib/gcc/arm-none-eabi/4.8.1/thumb2/crtbegin.o

.rel.dyn        0x080020ec        0x0
 .rel.iplt      0x00000000        0x0 c:/codesourcery/sourcery g++ lite/bin/../lib/gcc/arm-none-eabi/4.8.1/thumb2/crtbegin.o

.data           0x20000000        0x4 load address 0x080020ec
                0x20000000                _sdata = .
 *(.data*)
 .data.SystemCoreClock
                0x20000000        0x4 build/src/system_stm32f103xb.c.o
                0x20000000                SystemCoreClock
                0x20000004                _edata = .

.igot.plt       0x20000004        0x0 load address 0x080020f0
 .igot.plt      0x00000000        0x0 c:/codesourcery/sourcery g++ lite/bin/../lib/gcc/arm-none-eabi/4.8.1/thumb2/crtbegin.o

.bss            0x20000004       0x20 load address 0x080020f0
                0x20000004                _sbss = .
 *(.bss*)
 .bss.turn_cmd  0x20000004        0x4 build/src/main.c.o
                0x20000004                turn_cmd
 .bss.target_speed
                0x20000008        0x4 build/src/main.c.o
                0x20000008                target_speed
 .bss.last_cnt.4170
                0x2000000c        0x2 build/src/main.c.o
 *fill*         0x2000000e        0x2 
 .bss.initialized.4151
                0x20000010        0x4 build/src/motor.c.o
 .bss.print_div.4177
                0x20000014        0x4 build/src/motor.c.o
 .bss.initialized.4159
                0x20000018        0x4 build/src/motor.c.o
 .bss.v_prev.4150
                0x2000001c        0x2 build/src/motor.c.o
 .bss.v_prev.4158
                0x2000001e        0x2 build/src/motor.c.o
 .bss.integral  0x20000020        0x4 build/src/sensor.c.o
 *(COMMON)
                0x20000024                _ebss = .
                0x20000024                . = ALIGN (0x4)
                0x20000024                _end = .
OUTPUT(bin/nucleo-f103rb.elf elf32-littlearm)

.ARM.attributes
                0x00000000       0x27
 .ARM.attributes
                0x00000000       0x19 c:/codesourcery/sourcery g++ lite/bin/../lib/gcc/arm-none-eabi/4.8.1/thumb2/crti.o
 .ARM.attributes
                0x00000019       0x33 build/src/main.c.o
 .ARM.attributes
                0x0000004c       0x33 build/src/system_stm32f103xb.c.o
 .ARM.attributes
                0x0000007f       0x33 build/src/motor.c.o
 .ARM.attributes
                0x000000b2       0x33 build/src/sensor.c.o
 .ARM.attributes
                0x000000e5       0x33 build/src/serial.c.o
 .ARM.attributes
                0x00000118       0x21 build/startup/startup_stm32f103xb.s.o
 .ARM.attributes
                0x00000139       0x29 c:/codesourcery/sourcery g++ lite/bin/../lib/gcc/arm-none-eabi/4.8.1/../../../../arm-none-eabi/lib/thumb2\libm.a(lib_a-wf_atan2.o)
 .ARM.attributes
                0x00000162       0x29 c:/codesourcery/sourcery g++ lite/bin/../lib/gcc/arm-none-eabi/4.8.1/../../../../arm-none-eabi/lib/thumb2\libm.a(lib_a-ef_atan2.o)
 .ARM.attributes
                0x0000018b       0x29 c:/codesourcery/sourcery g++ lite/bin/../lib/gcc/arm-none-eabi/4.8.1/../../../../arm-none-eabi/lib/thumb2\libm.a(lib_a-sf_atan.o)
 .ARM.attributes
                0x000001b4       0x29 c:/codesourcery/sourcery g++ lite/bin/../lib/gcc/arm-none-eabi/4.8.1/../../../../arm-none-eabi/lib/thumb2\libm.a(lib_a-sf_fabs.o)
 .ARM.attributes
                0x000001dd       0x19 c:/codesourcery/sourcery g++ lite/bin/../lib/gcc/arm-none-eabi/4.8.1/thumb2\libgcc.a(_arm_addsubdf3.o)
 .ARM.attributes
                0x000001f6       0x19 c:/codesourcery/sourcery g++ lite/bin/../lib/gcc/arm-none-eabi/4.8.1/thumb2\libgcc.a(_arm_muldivdf3.o)
 .ARM.attributes
                0x0000020f       0x19 c:/codesourcery/sourcery g++ lite/bin/../lib/gcc/arm-none-eabi/4.8.1/thumb2\libgcc.a(_arm_fixunsdfsi.o)
 .ARM.attributes
                0x00000228       0x19 c:/codesourcery/sourcery g++ lite/bin/../lib/gcc/arm-none-eabi/4.8.1/thumb2\libgcc.a(_arm_addsubsf3.o)
 .ARM.attributes
                0x00000241       0x19 c:/codesourcery/sourcery g++ lite/bin/../lib/gcc/arm-none-eabi/4.8.1/thumb2\libgcc.a(_arm_muldivsf3.o)
 .ARM.attributes
                0x0000025a       0x19 c:/codesourcery/sourcery g++ lite/bin/../lib/gcc/arm-none-eabi/4.8.1/thumb2\libgcc.a(_arm_cmpsf2.o)
 .ARM.attributes
                0x00000273       0x19 c:/codesourcery/sourcery g++ lite/bin/../lib/gcc/arm-none-eabi/4.8.1/thumb2\libgcc.a(_arm_fixsfsi.o)
 .ARM.attributes
                0x0000028c       0x19 c:/codesourcery/sourcery g++ lite/bin/../lib/gcc/arm-none-eabi/4.8.1/thumb2/crtn.o

.comment        0x00000000       0x30
 .comment       0x00000000       0x30 build/src/main.c.o
                                 0x31 (size before relaxing)
 .comment       0x00000000       0x31 build/src/system_stm32f103xb.c.o
 .comment       0x00000000       0x31 build/src/motor.c.o
 .comment       0x00000000       0x31 build/src/sensor.c.o
 .comment       0x00000000       0x31 build/src/serial.c.o

.debug_info     0x00000000     0x20b3
 .debug_info    0x00000000      0x86a build/src/main.c.o
 .debug_info    0x0000086a      0x232 build/src/system_stm32f103xb.c.o
 .debug_info    0x00000a9c      0x7e0 build/src/motor.c.o
 .debug_info    0x0000127c      0x995 build/src/sensor.c.o
 .debug_info    0x00001c11      0x4a2 build/src/serial.c.o

.debug_abbrev   0x00000000      0xa7c
 .debug_abbrev  0x00000000      0x222 build/src/main.c.o
 .debug_abbrev  0x00000222       0xcd build/src/system_stm32f103xb.c.o
 .debug_abbrev  0x000002ef      0x25a build/src/motor.c.o
 .debug_abbrev  0x00000549      0x390 build/src/sensor.c.o
 .debug_abbrev  0x000008d9      0x1a3 build/src/serial.c.o

.debug_loc      0x00000000      0xa6f
 .debug_loc     0x00000000      0x1dc build/src/main.c.o
 .debug_loc     0x000001dc       0x3f build/src/system_stm32f103xb.c.o
 .debug_loc     0x0000021b      0x29c build/src/motor.c.o
 .debug_loc     0x000004b7      0x3f9 build/src/sensor.c.o
 .debug_loc     0x000008b0      0x1bf build/src/serial.c.o

.debug_aranges  0x00000000      0x1d0
 .debug_aranges
                0x00000000       0x38 build/src/main.c.o
 .debug_aranges
                0x00000038       0x28 build/src/system_stm32f103xb.c.o
 .debug_aranges
                0x00000060       0x88 build/src/motor.c.o
 .debug_aranges
                0x000000e8       0x98 build/src/sensor.c.o
 .debug_aranges
                0x00000180       0x50 build/src/serial.c.o

.debug_ranges   0x00000000      0x220
 .debug_ranges  0x00000000       0x28 build/src/main.c.o
 .debug_ranges  0x00000028       0x18 build/src/system_stm32f103xb.c.o
 .debug_ranges  0x00000040       0x90 build/src/motor.c.o
 .debug_ranges  0x000000d0       0xf8 build/src/sensor.c.o
 .debug_ranges  0x000001c8       0x58 build/src/serial.c.o

.debug_macro    0x00000000     0x17eb
 .debug_macro   0x00000000       0xa0 build/src/main.c.o
 .debug_macro   0x000000a0      0x868 build/src/main.c.o
 .debug_macro   0x00000908       0x52 build/src/main.c.o
 .debug_macro   0x0000095a       0x16 build/src/main.c.o
 .debug_macro   0x00000970       0x35 build/src/main.c.o
 .debug_macro   0x000009a5       0xa3 build/src/main.c.o
 .debug_macro   0x00000a48      0x20e build/src/main.c.o
 .debug_macro   0x00000c56      0x2e1 build/src/main.c.o
 .debug_macro   0x00000f37       0x22 build/src/main.c.o
 .debug_macro   0x00000f59       0x73 build/src/system_stm32f103xb.c.o
 .debug_macro   0x00000fcc      0x2da build/src/system_stm32f103xb.c.o
 .debug_macro   0x000012a6       0x86 build/src/motor.c.o
 .debug_macro   0x0000132c      0x10d build/src/sensor.c.o
 .debug_macro   0x00001439       0x3a build/src/sensor.c.o
 .debug_macro   0x00001473       0x52 build/src/sensor.c.o
 .debug_macro   0x000014c5       0x16 build/src/sensor.c.o
 .debug_macro   0x000014db       0x19 build/src/sensor.c.o
 .debug_macro   0x000014f4      0x19c build/src/sensor.c.o
 .debug_macro   0x00001690       0xde build/src/sensor.c.o
 .debug_macro   0x0000176e       0x7d build/src/serial.c.o

.debug_line     0x00000000      0xe00
 .debug_line    0x00000000      0x245 build/src/main.c.o
 .debug_line    0x00000245      0x1e6 build/src/system_stm32f103xb.c.o
 .debug_line    0x0000042b      0x33e build/src/motor.c.o
 .debug_line    0x00000769      0x42b build/src/sensor.c.o
 .debug_line    0x00000b94      0x26c build/src/serial.c.o

.debug_str      0x00000000     0x5ff9
 .debug_str     0x00000000     0x40bc build/src/main.c.o
                               0x41fa (size before relaxing)
 .debug_str     0x000040bc       0xc3 build/src/system_stm32f103xb.c.o
                               0x3f1e (size before relaxing)
 .debug_str     0x0000417f       0xdf build/src/motor.c.o
                               0x4120 (size before relaxing)
 .debug_str     0x0000425e     0x1d27 build/src/sensor.c.o
                               0x5d10 (size before relaxing)
 .debug_str     0x00005f85       0x74 build/src/serial.c.o
                               0x3fbf (size before relaxing)

.debug_frame    0x00000000      0x4c0
 .debug_frame   0x00000000       0x70 build/src/main.c.o
 .debug_frame   0x00000070       0x3c build/src/system_stm32f103xb.c.o
 .debug_frame   0x000000ac      0x140 build/src/motor.c.o
 .debug_frame   0x000001ec      0x188 build/src/sensor.c.o
 .debug_frame   0x00000374       0xac build/src/serial.c.o
 .debug_frame   0x00000420       0x20 c:/codesourcery/sourcery g++ lite/bin/../lib/gcc/arm-none-eabi/4.8.1/../../../../arm-none-eabi/lib/thumb2\libm.a(lib_a-wf_atan2.o)
 .debug_frame   0x00000440       0x30 c:/codesourcery/sourcery g++ lite/bin/../lib/gcc/arm-none-eabi/4.8.1/../../../../arm-none-eabi/lib/thumb2\libm.a(lib_a-ef_atan2.o)
 .debug_frame   0x00000470       0x30 c:/codesourcery/sourcery g++ lite/bin/../lib/gcc/arm-none-eabi/4.8.1/../../../../arm-none-eabi/lib/thumb2\libm.a(lib_a-sf_atan.o)
 .debug_frame   0x000004a0       0x20 c:/codesourcery/sourcery g++ lite/bin/../lib/gcc/arm-none-eabi/4.8.1/../../../../arm-none-eabi/lib/thumb2\libm.a(lib_a-sf_fabs.o)
