Archive member included because of file (symbol)

c:/codesourcery/sourcery g++ lite/bin/../lib/gcc/arm-none-eabi/4.8.1/../../../../arm-none-eabi/lib/thumb2\libm.a(lib_a-wf_atan2.o)
                              build/src/sensor.c.o (atan2f)
c:/codesourcery/sourcery g++ lite/bin/../lib/gcc/arm-none-eabi/4.8.1/../../../../arm-none-eabi/lib/thumb2\libm.a(lib_a-ef_atan2.o)
                              c:/codesourcery/sourcery g++ lite/bin/../lib/gcc/arm-none-eabi/4.8.1/../../../../arm-none-eabi/lib/thumb2\libm.a(lib_a-wf_atan2.o) (__ieee754_atan2f)
c:/codesourcery/sourcery g++ lite/bin/../lib/gcc/arm-none-eabi/4.8.1/../../../../arm-none-eabi/lib/thumb2\libm.a(lib_a-sf_atan.o)
                              c:/codesourcery/sourcery g++ lite/bin/../lib/gcc/arm-none-eabi/4.8.1/../../../../arm-none-eabi/lib/thumb2\libm.a(lib_a-ef_atan2.o) (atanf)
c:/codesourcery/sourcery g++ lite/bin/../lib/gcc/arm-none-eabi/4.8.1/../../../../arm-none-eabi/lib/thumb2\libm.a(lib_a-sf_fabs.o)
                              c:/codesourcery/sourcery g++ lite/bin/../lib/gcc/arm-none-eabi/4.8.1/../../../../arm-none-eabi/lib/thumb2\libm.a(lib_a-ef_atan2.o) (fabsf)
c:/codesourcery/sourcery g++ lite/bin/../lib/gcc/arm-none-eabi/4.8.1/thumb2\libgcc.a(_arm_addsubdf3.o)
                              build/src/motor.c.o (__aeabi_dsub)
c:/codesourcery/sourcery g++ lite/bin/../lib/gcc/arm-none-eabi/4.8.1/thumb2\libgcc.a(_arm_muldivdf3.o)
                              build/src/motor.c.o (__aeabi_dmul)
c:/codesourcery/sourcery g++ lite/bin/../lib/gcc/arm-none-eabi/4.8.1/thumb2\libgcc.a(_arm_truncdfsf2.o)
                              build/src/motor.c.o (__aeabi_d2f)
c:/codesourcery/sourcery g++ lite/bin/../lib/gcc/arm-none-eabi/4.8.1/thumb2\libgcc.a(_arm_addsubsf3.o)
                              build/src/main.c.o (__aeabi_fsub)
c:/codesourcery/sourcery g++ lite/bin/../lib/gcc/arm-none-eabi/4.8.1/thumb2\libgcc.a(_arm_muldivsf3.o)
                              build/src/main.c.o (__aeabi_fmul)
c:/codesourcery/sourcery g++ lite/bin/../lib/gcc/arm-none-eabi/4.8.1/thumb2\libgcc.a(_arm_cmpsf2.o)
                              build/src/motor.c.o (__aeabi_fcmplt)
c:/codesourcery/sourcery g++ lite/bin/../lib/gcc/arm-none-eabi/4.8.1/thumb2\libgcc.a(_arm_fixsfsi.o)
                              build/src/main.c.o (__aeabi_f2iz)

Discarded input sections

 .text          0x00000000        0x0 c:/codesourcery/sourcery g++ lite/bin/../lib/gcc/arm-none-eabi/4.8.1/thumb2/crti.o
 .data          0x00000000        0x0 c:/codesourcery/sourcery g++ lite/bin/../lib/gcc/arm-none-eabi/4.8.1/thumb2/crti.o
 .bss           0x00000000        0x0 c:/codesourcery/sourcery g++ lite/bin/../lib/gcc/arm-none-eabi/4.8.1/thumb2/crti.o
 .text          0x00000000       0xc8 c:/codesourcery/sourcery g++ lite/bin/../lib/gcc/arm-none-eabi/4.8.1/thumb2/crtbegin.o
 .data          0x00000000        0x4 c:/codesourcery/sourcery g++ lite/bin/../lib/gcc/arm-none-eabi/4.8.1/thumb2/crtbegin.o
 .bss           0x00000000       0x1c c:/codesourcery/sourcery g++ lite/bin/../lib/gcc/arm-none-eabi/4.8.1/thumb2/crtbegin.o
 .init_array    0x00000000        0x4 c:/codesourcery/sourcery g++ lite/bin/../lib/gcc/arm-none-eabi/4.8.1/thumb2/crtbegin.o
 .fini_array    0x00000000        0x4 c:/codesourcery/sourcery g++ lite/bin/../lib/gcc/arm-none-eabi/4.8.1/thumb2/crtbegin.o
 .eh_frame      0x00000000        0x0 c:/codesourcery/sourcery g++ lite/bin/../lib/gcc/arm-none-eabi/4.8.1/thumb2/crtbegin.o
 .jcr           0x00000000        0x0 c:/codesourcery/sourcery g++ lite/bin/../lib/gcc/arm-none-eabi/4.8.1/thumb2/crtbegin.o
 .tm_clone_table
                0x00000000        0x0 c:/codesourcery/sourcery g++ lite/bin/../lib/gcc/arm-none-eabi/4.8.1/thumb2/crtbegin.o
 .ARM.attributes
                0x00000000       0x29 c:/codesourcery/sourcery g++ lite/bin/../lib/gcc/arm-none-eabi/4.8.1/thumb2/crtbegin.o
 .group         0x00000000        0x8 build/src/main.c.o
 .group         0x00000000        0x8 build/src/main.c.o
 .group         0x00000000        0x8 build/src/main.c.o
 .group         0x00000000        0x8 build/src/main.c.o
 .group         0x00000000        0x8 build/src/main.c.o
 .group         0x00000000        0x8 build/src/main.c.o
 .group         0x00000000        0x8 build/src/main.c.o
 .group         0x00000000        0x8 build/src/main.c.o
 .text          0x00000000        0x0 build/src/main.c.o
 .data          0x00000000        0x0 build/src/main.c.o
 .bss           0x00000000        0x0 build/src/main.c.o
 .group         0x00000000        0x8 build/src/system_stm32f103xb.c.o
 .group         0x00000000        0x8 build/src/system_stm32f103xb.c.o
 .group         0x00000000        0x8 build/src/system_stm32f103xb.c.o
 .group         0x00000000        0x8 build/src/system_stm32f103xb.c.o
 .group         0x00000000        0x8 build/src/system_stm32f103xb.c.o
 .group         0x00000000        0x8 build/src/system_stm32f103xb.c.o
 .group         0x00000000        0x8 build/src/system_stm32f103xb.c.o
 .text          0x00000000        0x0 build/src/system_stm32f103xb.c.o
 .data          0x00000000        0x0 build/src/system_stm32f103xb.c.o
 .bss           0x00000000        0x0 build/src/system_stm32f103xb.c.o
 .text.SystemCoreClockUpdate
                0x00000000       0x58 build/src/system_stm32f103xb.c.o
 .debug_macro   0x00000000      0x868 build/src/system_stm32f103xb.c.o
 .debug_macro   0x00000000       0x52 build/src/system_stm32f103xb.c.o
 .debug_macro   0x00000000       0x16 build/src/system_stm32f103xb.c.o
 .debug_macro   0x00000000       0x35 build/src/system_stm32f103xb.c.o
 .debug_macro   0x00000000       0xa3 build/src/system_stm32f103xb.c.o
 .debug_macro   0x00000000      0x20e build/src/system_stm32f103xb.c.o
 .debug_macro   0x00000000      0x2e8 build/src/system_stm32f103xb.c.o
 .group         0x00000000        0x8 build/src/motor.c.o
 .group         0x00000000        0x8 build/src/motor.c.o
 .group         0x00000000        0x8 build/src/motor.c.o
 .group         0x00000000        0x8 build/src/motor.c.o
 .group         0x00000000        0x8 build/src/motor.c.o
 .group         0x00000000        0x8 build/src/motor.c.o
 .group         0x00000000        0x8 build/src/motor.c.o
 .group         0x00000000        0x8 build/src/motor.c.o
 .text          0x00000000        0x0 build/src/motor.c.o
 .data          0x00000000        0x0 build/src/motor.c.o
 .bss           0x00000000        0x0 build/src/motor.c.o
 .text.Motor_Forward
                0x00000000       0x24 build/src/motor.c.o
 .text.Motor_Reverse
                0x00000000       0x24 build/src/motor.c.o
 .text.Motor_Brake
                0x00000000       0x24 build/src/motor.c.o
 .debug_macro   0x00000000      0x868 build/src/motor.c.o
 .debug_macro   0x00000000       0x52 build/src/motor.c.o
 .debug_macro   0x00000000       0x16 build/src/motor.c.o
 .debug_macro   0x00000000       0x35 build/src/motor.c.o
 .debug_macro   0x00000000       0xa3 build/src/motor.c.o
 .debug_macro   0x00000000      0x20e build/src/motor.c.o
 .debug_macro   0x00000000      0x2e8 build/src/motor.c.o
 .debug_macro   0x00000000       0x22 build/src/motor.c.o
 .group         0x00000000        0x8 build/src/sensor.c.o
 .group         0x00000000        0x8 build/src/sensor.c.o
 .group         0x00000000        0x8 build/src/sensor.c.o
 .group         0x00000000        0x8 build/src/sensor.c.o
 .group         0x00000000        0x8 build/src/sensor.c.o
 .group         0x00000000        0x8 build/src/sensor.c.o
 .group         0x00000000        0x8 build/src/sensor.c.o
 .group         0x00000000        0x8 build/src/sensor.c.o
 .group         0x00000000        0x8 build/src/sensor.c.o
 .group         0x00000000        0x8 build/src/sensor.c.o
 .group         0x00000000        0x8 build/src/sensor.c.o
 .group         0x00000000        0x8 build/src/sensor.c.o
 .group         0x00000000        0x8 build/src/sensor.c.o
 .text          0x00000000        0x0 build/src/sensor.c.o
 .data          0x00000000        0x0 build/src/sensor.c.o
 .bss           0x00000000        0x0 build/src/sensor.c.o
 .text.Print_SensorLog
                0x00000000       0x5c build/src/sensor.c.o
 .bss.print_div.4897
                0x00000000        0x4 build/src/sensor.c.o
 .debug_macro   0x00000000      0x868 build/src/sensor.c.o
 .debug_macro   0x00000000       0x52 build/src/sensor.c.o
 .debug_macro   0x00000000       0x16 build/src/sensor.c.o
 .debug_macro   0x00000000       0x35 build/src/sensor.c.o
 .debug_macro   0x00000000       0xa3 build/src/sensor.c.o
 .debug_macro   0x00000000      0x20e build/src/sensor.c.o
 .debug_macro   0x00000000      0x2e8 build/src/sensor.c.o
 .group         0x00000000        0x8 build/src/serial.c.o
 .group         0x00000000        0x8 build/src/serial.c.o
 .group         0x00000000        0x8 build/src/serial.c.o
 .group         0x00000000        0x8 build/src/serial.c.o
 .group         0x00000000        0x8 build/src/serial.c.o
 .group         0x00000000        0x8 build/src/serial.c.o
 .group         0x00000000        0x8 build/src/serial.c.o
 .text          0x00000000        0x0 build/src/serial.c.o
 .data          0x00000000        0x0 build/src/serial.c.o
 .bss           0x00000000        0x0 build/src/serial.c.o
 .text.Read_CMD
                0x00000000       0x30 build/src/serial.c.o
 .rodata.str1.1
                0x00000000        0xa build/src/serial.c.o
 .debug_macro   0x00000000      0x868 build/src/serial.c.o
 .debug_macro   0x00000000       0x52 build/src/serial.c.o
 .debug_macro   0x00000000       0x16 build/src/serial.c.o
 .debug_macro   0x00000000       0x35 build/src/serial.c.o
 .debug_macro   0x00000000       0xa3 build/src/serial.c.o
 .debug_macro   0x00000000      0x20e build/src/serial.c.o
 .debug_macro   0x00000000      0x2e8 build/src/serial.c.o
 .text          0x00000000        0x0 build/startup/startup_stm32f103xb.s.o
 .data          0x00000000        0x0 build/startup/startup_stm32f103xb.s.o
 .bss           0x00000000        0x0 build/startup/startup_stm32f103xb.s.o
 .data          0x00000000        0x0 c:/codesourcery/sourcery g++ lite/bin/../lib/gcc/arm-none-eabi/4.8.1/../../../../arm-none-eabi/lib/thumb2\libm.a(lib_a-wf_atan2.o)
 .bss           0x00000000        0x0 c:/codesourcery/sourcery g++ lite/bin/../lib/gcc/arm-none-eabi/4.8.1/../../../../arm-none-eabi/lib/thumb2\libm.a(lib_a-wf_atan2.o)
 .data          0x00000000        0x0 c:/codesourcery/sourcery g++ lite/bin/../lib/gcc/arm-none-eabi/4.8.1/../../../../arm-none-eabi/lib/thumb2\libm.a(lib_a-ef_atan2.o)
 .bss           0x00000000        0x0 c:/codesourcery/sourcery g++ lite/bin/../lib/gcc/arm-none-eabi/4.8.1/../../../../arm-none-eabi/lib/thumb2\libm.a(lib_a-ef_atan2.o)
 .data          0x00000000        0x0 c:/codesourcery/sourcery g++ lite/bin/../lib/gcc/arm-none-eabi/4.8.1/../../../../arm-none-eabi/lib/thumb2\libm.a(lib_a-sf_atan.o)
 .bss           0x00000000        0x0 c:/codesourcery/sourcery g++ lite/bin/../lib/gcc/arm-none-eabi/4.8.1/../../../../arm-none-eabi/lib/thumb2\libm.a(lib_a-sf_atan.o)
 .data          0x00000000        0x0 c:/codesourcery/sourcery g++ lite/bin/../lib/gcc/arm-none-eabi/4.8.1/../../../../arm-none-eabi/lib/thumb2\libm.a(lib_a-sf_fabs.o)
 .bss           0x00000000        0x0 c:/codesourcery/sourcery g++ lite/bin/../lib/gcc/arm-none-eabi/4.8.1/../../../../arm-none-eabi/lib/thumb2\libm.a(lib_a-sf_fabs.o)
 .data          0x00000000        0x0 c:/codesourcery/sourcery g++ lite/bin/../lib/gcc/arm-none-eabi/4.8.1/thumb2\libgcc.a(_arm_addsubdf3.o)
 .bss           0x00000000        0x0 c:/codesourcery/sourcery g++ lite/bin/../lib/gcc/arm-none-eabi/4.8.1/thumb2\libgcc.a(_arm_addsubdf3.o)
 .data          0x00000000        0x0 c:/codesourcery/sourcery g++ lite/bin/../lib/gcc/arm-none-eabi/4.8.1/thumb2\libgcc.a(_arm_muldivdf3.o)
 .bss           0x00000000        0x0 c:/codesourcery/sourcery g++ lite/bin/../lib/gcc/arm-none-eabi/4.8.1/thumb2\libgcc.a(_arm_muldivdf3.o)
 .data          0x00000000        0x0 c:/codesourcery/sourcery g++ lite/bin/../lib/gcc/arm-none-eabi/4.8.1/thumb2\libgcc.a(_arm_truncdfsf2.o)
 .bss           0x00000000        0x0 c:/codesourcery/sourcery g++ lite/bin/../lib/gcc/arm-none-eabi/4.8.1/thumb2\libgcc.a(_arm_truncdfsf2.o)
 .data          0x00000000        0x0 c:/codesourcery/sourcery g++ lite/bin/../lib/gcc/arm-none-eabi/4.8.1/thumb2\libgcc.a(_arm_addsubsf3.o)
 .bss           0x00000000        0x0 c:/codesourcery/sourcery g++ lite/bin/../lib/gcc/arm-none-eabi/4.8.1/thumb2\libgcc.a(_arm_addsubsf3.o)
 .data          0x00000000        0x0 c:/codesourcery/sourcery g++ lite/bin/../lib/gcc/arm-none-eabi/4.8.1/thumb2\libgcc.a(_arm_muldivsf3.o)
 .bss           0x00000000        0x0 c:/codesourcery/sourcery g++ lite/bin/../lib/gcc/arm-none-eabi/4.8.1/thumb2\libgcc.a(_arm_muldivsf3.o)
 .data          0x00000000        0x0 c:/codesourcery/sourcery g++ lite/bin/../lib/gcc/arm-none-eabi/4.8.1/thumb2\libgcc.a(_arm_cmpsf2.o)
 .bss           0x00000000        0x0 c:/codesourcery/sourcery g++ lite/bin/../lib/gcc/arm-none-eabi/4.8.1/thumb2\libgcc.a(_arm_cmpsf2.o)
 .data          0x00000000        0x0 c:/codesourcery/sourcery g++ lite/bin/../lib/gcc/arm-none-eabi/4.8.1/thumb2\libgcc.a(_arm_fixsfsi.o)
 .bss           0x00000000        0x0 c:/codesourcery/sourcery g++ lite/bin/../lib/gcc/arm-none-eabi/4.8.1/thumb2\libgcc.a(_arm_fixsfsi.o)
 .text          0x00000000        0x0 c:/codesourcery/sourcery g++ lite/bin/../lib/gcc/arm-none-eabi/4.8.1/thumb2/crtend.o
 .data          0x00000000        0x0 c:/codesourcery/sourcery g++ lite/bin/../lib/gcc/arm-none-eabi/4.8.1/thumb2/crtend.o
 .bss           0x00000000        0x0 c:/codesourcery/sourcery g++ lite/bin/../lib/gcc/arm-none-eabi/4.8.1/thumb2/crtend.o
 .eh_frame      0x00000000        0x4 c:/codesourcery/sourcery g++ lite/bin/../lib/gcc/arm-none-eabi/4.8.1/thumb2/crtend.o
 .jcr           0x00000000        0x4 c:/codesourcery/sourcery g++ lite/bin/../lib/gcc/arm-none-eabi/4.8.1/thumb2/crtend.o
 .tm_clone_table
                0x00000000        0x0 c:/codesourcery/sourcery g++ lite/bin/../lib/gcc/arm-none-eabi/4.8.1/thumb2/crtend.o
 .ARM.attributes
                0x00000000       0x29 c:/codesourcery/sourcery g++ lite/bin/../lib/gcc/arm-none-eabi/4.8.1/thumb2/crtend.o
 .text          0x00000000        0x0 c:/codesourcery/sourcery g++ lite/bin/../lib/gcc/arm-none-eabi/4.8.1/thumb2/crtn.o
 .data          0x00000000        0x0 c:/codesourcery/sourcery g++ lite/bin/../lib/gcc/arm-none-eabi/4.8.1/thumb2/crtn.o
 .bss           0x00000000        0x0 c:/codesourcery/sourcery g++ lite/bin/../lib/gcc/arm-none-eabi/4.8.1/thumb2/crtn.o

Memory Configuration

Name             Origin             Length             Attributes
FLASH            0x08000000         0x00020000         xr
RAM              0x20000000         0x00005000         xrw
*default*        0x00000000         0xffffffff

Linker script and memory map

LOAD c:/codesourcery/sourcery g++ lite/bin/../lib/gcc/arm-none-eabi/4.8.1/thumb2/crti.o
LOAD c:/codesourcery/sourcery g++ lite/bin/../lib/gcc/arm-none-eabi/4.8.1/thumb2/crtbegin.o
LOAD build/src/main.c.o
LOAD build/src/system_stm32f103xb.c.o
LOAD build/src/motor.c.o
LOAD build/src/sensor.c.o
LOAD build/src/serial.c.o
LOAD build/startup/startup_stm32f103xb.s.o
LOAD c:/codesourcery/sourcery g++ lite/bin/../lib/gcc/arm-none-eabi/4.8.1/../../../../arm-none-eabi/lib/thumb2\libm.a
START GROUP
LOAD c:/codesourcery/sourcery g++ lite/bin/../lib/gcc/arm-none-eabi/4.8.1/thumb2\libgcc.a
LOAD c:/codesourcery/sourcery g++ lite/bin/../lib/gcc/arm-none-eabi/4.8.1/../../../../arm-none-eabi/lib/thumb2\libc.a
END GROUP
LOAD c:/codesourcery/sourcery g++ lite/bin/../lib/gcc/arm-none-eabi/4.8.1/thumb2/crtend.o
LOAD c:/codesourcery/sourcery g++ lite/bin/../lib/gcc/arm-none-eabi/4.8.1/thumb2/crtn.o
                0x20005000                _estack = (ORIGIN (RAM) + 0x5000)

.isr_vector     0x08000000       0xec
 *(.isr_vector)
 .isr_vector    0x08000000       0xec build/startup/startup_stm32f103xb.s.o

.text           0x080000f0     0x27a4
 *(.text.Reset_Handler)
 .text.Reset_Handler
                0x080000f0       0x4c build/startup/startup_stm32f103xb.s.o
                0x080000f0                Reset_Handler
 *(.text*)
 .text.delay_ms
                0x0800013c       0x18 build/src/main.c.o
 .text.Get_DT   0x08000154       0x2c build/src/main.c.o
                0x08000154                Get_DT
 .text.TIM1_INIT
                0x08000180       0x2c build/src/main.c.o
                0x08000180                TIM1_INIT
 .text.startup.main
                0x080001ac      0x174 build/src/main.c.o
                0x080001ac                main
 .text.SystemInit
                0x08000320       0xac build/src/system_stm32f103xb.c.o
                0x08000320                SystemInit
 .text.Motor_SetRightSigned
                0x080003cc       0x48 build/src/motor.c.o
 .text.Motor_SetLeftSigned
                0x08000414       0x3c build/src/motor.c.o
 .text.Encoder_TIMx_Init
                0x08000450       0x6a build/src/motor.c.o
 *fill*         0x080004ba        0x2 
 .text.Motor_GPIO_Init
                0x080004bc       0xa4 build/src/motor.c.o
                0x080004bc                Motor_GPIO_Init
 .text.Encoder_Init
                0x08000560       0x1c build/src/motor.c.o
                0x08000560                Encoder_Init
 .text.Motor_PWM_Init
                0x0800057c       0x5a build/src/motor.c.o
                0x0800057c                Motor_PWM_Init
 *fill*         0x080005d6        0x2 
 .text.Motor_SetStandby
                0x080005d8       0x14 build/src/motor.c.o
                0x080005d8                Motor_SetStandby
 .text.Motor_SetSigned
                0x080005ec       0x2c build/src/motor.c.o
                0x080005ec                Motor_SetSigned
 .text.Motor_SetDifferentialSigned
                0x08000618       0x3c build/src/motor.c.o
                0x08000618                Motor_SetDifferentialSigned
 .text.Right_GetSpeed
                0x08000654       0x4c build/src/motor.c.o
                0x08000654                Right_GetSpeed
 .text.Left_GetSpeed
                0x080006a0       0x4c build/src/motor.c.o
                0x080006a0                Left_GetSpeed
 *fill*         0x080006ec        0x4 
 .text.Motor_PID_Control
                0x080006f0       0x68 build/src/motor.c.o
                0x080006f0                Motor_PID_Control
 .text.Motor_UpdateTargetSpeed
                0x08000758       0x70 build/src/motor.c.o
                0x08000758                Motor_UpdateTargetSpeed
 .text.PrintMotorLog
                0x080007c8       0xc8 build/src/motor.c.o
                0x080007c8                PrintMotorLog
 .text.UART_CMD_Process
                0x08000890       0xa8 build/src/motor.c.o
                0x08000890                UART_CMD_Process
 .text.I2C2_ClearError
                0x08000938       0x30 build/src/sensor.c.o
 .text.I2C2_InitHw
                0x08000968       0x6c build/src/sensor.c.o
 .text.I2C2_PrintFlag
                0x080009d4       0x14 build/src/sensor.c.o
 .text.I2C2_SendAddress.constprop.3
                0x080009e8       0x54 build/src/sensor.c.o
 .text.wait_set.constprop.5
                0x08000a3c       0x20 build/src/sensor.c.o
 .text.I2C2_ReadByte_Nack
                0x08000a5c       0x2c build/src/sensor.c.o
 .text.I2C2_WriteByte
                0x08000a88       0x20 build/src/sensor.c.o
 .text.I2C2_Start
                0x08000aa8       0x14 build/src/sensor.c.o
 .text.I2C2_SetError.constprop.6
                0x08000abc       0x44 build/src/sensor.c.o
 .text.delay_loop.constprop.7
                0x08000b00       0x10 build/src/sensor.c.o
 .text.Serial_WriteHex8
                0x08000b10       0x2a build/src/sensor.c.o
 .text.Serial_WriteHex16
                0x08000b3a       0x14 build/src/sensor.c.o
 *fill*         0x08000b4e        0x2 
 .text.I2C2_PrintBusState
                0x08000b50       0x78 build/src/sensor.c.o
 .text.I2C2_Recover
                0x08000bc8       0xe0 build/src/sensor.c.o
 .text.Sensor_I2C2_Init
                0x08000ca8        0x4 build/src/sensor.c.o
                0x08000ca8                Sensor_I2C2_Init
 .text.Sensor_FilterReset
                0x08000cac        0x2 build/src/sensor.c.o
                0x08000cac                Sensor_FilterReset
 *fill*         0x08000cae        0x2 
 .text.Sensor_MPU6050_Init
                0x08000cb0       0xb0 build/src/sensor.c.o
                0x08000cb0                Sensor_MPU6050_Init
 .text.Sensor_MPU6050_ReadRaw
                0x08000d60      0x190 build/src/sensor.c.o
                0x08000d60                Sensor_MPU6050_ReadRaw
 .text.Sensor_PrintLastI2CError
                0x08000ef0      0x1a8 build/src/sensor.c.o
                0x08000ef0                Sensor_PrintLastI2CError
 .text.Sensor_GetPitchAccDeg
                0x08001098       0x28 build/src/sensor.c.o
                0x08001098                Sensor_GetPitchAccDeg
 .text.Sensor_GetGyroYDegPerSec
                0x080010c0       0x14 build/src/sensor.c.o
                0x080010c0                Sensor_GetGyroYDegPerSec
 .text.Sensor_ComplementaryFilter
                0x080010d4       0x38 build/src/sensor.c.o
                0x080010d4                Sensor_ComplementaryFilter
 .text.Sensor_PID_Reset
                0x0800110c        0xc build/src/sensor.c.o
                0x0800110c                Sensor_PID_Reset
 .text.Sensor_PID_Control
                0x08001118       0x80 build/src/sensor.c.o
                0x08001118                Sensor_PID_Control
 .text.Serial_USART3_Init
                0x08001198       0x60 build/src/serial.c.o
                0x08001198                Serial_USART3_Init
 .text.Serial_USART2_Init
                0x080011f8       0x54 build/src/serial.c.o
                0x080011f8                Serial_USART2_Init
 .text.Serial_WriteChar
                0x0800124c       0x14 build/src/serial.c.o
                0x0800124c                Serial_WriteChar
 .text.Serial_WriteString
                0x08001260       0x12 build/src/serial.c.o
                0x08001260                Serial_WriteString
 .text.Serial_WriteInt
                0x08001272       0x4a build/src/serial.c.o
                0x08001272                Serial_WriteInt
 .text.Serial_WriteFloat2
                0x080012bc       0x68 build/src/serial.c.o
                0x080012bc                Serial_WriteFloat2
 .text.Default_Handler
                0x08001324       0x6c build/startup/startup_stm32f103xb.s.o
                0x08001328                NMI_Handler
                0x0800132a                HardFault_Handler
                0x0800132c                MemManage_Handler
                0x0800132e                BusFault_Handler
                0x08001330                UsageFault_Handler
                0x08001332                SVC_Handler
                0x08001334                DebugMon_Handler
                0x08001336                PendSV_Handler
                0x08001338                SysTick_Handler
                0x0800133a                WWDG_IRQHandler
                0x0800133c                PVD_IRQHandler
                0x0800133e                TAMPER_IRQHandler
                0x08001340                RTC_IRQHandler
                0x08001342                FLASH_IRQHandler
                0x08001344                RCC_IRQHandler
                0x08001346                EXTI0_IRQHandler
                0x08001348                EXTI1_IRQHandler
                0x0800134a                EXTI2_IRQHandler
                0x0800134c                EXTI3_IRQHandler
                0x0800134e                EXTI4_IRQHandler
                0x08001350                DMA1_Channel1_IRQHandler
                0x08001352                DMA1_Channel2_IRQHandler
                0x08001354                DMA1_Channel3_IRQHandler
                0x08001356                DMA1_Channel4_IRQHandler
                0x08001358                DMA1_Channel5_IRQHandler
                0x0800135a                DMA1_Channel6_IRQHandler
                0x0800135c                DMA1_Channel7_IRQHandler
                0x0800135e                ADC1_2_IRQHandler
                0x08001360                USB_HP_CAN_TX_IRQHandler
                0x08001362                USB_LP_CAN_RX0_IRQHandler
                0x08001364                CAN_RX1_IRQHandler
                0x08001366                CAN_SCE_IRQHandler
                0x08001368                EXTI9_5_IRQHandler
                0x0800136a                TIM1_BRK_IRQHandler
                0x0800136c                TIM1_UP_IRQHandler
                0x0800136e                TIM1_TRG_COM_IRQHandler
                0x08001370                TIM1_CC_IRQHandler
                0x08001372                TIM2_IRQHandler
                0x08001374                TIM3_IRQHandler
                0x08001376                TIM4_IRQHandler
                0x08001378                I2C1_EV_IRQHandler
                0x0800137a                I2C1_ER_IRQHandler
                0x0800137c                I2C2_EV_IRQHandler
                0x0800137e                I2C2_ER_IRQHandler
                0x08001380                SPI1_IRQHandler
                0x08001382                SPI2_IRQHandler
                0x08001384                USART1_IRQHandler
                0x08001386                USART2_IRQHandler
                0x08001388                USART3_IRQHandler
                0x0800138a                EXTI15_10_IRQHandler
                0x0800138c                RTCAlarm_IRQHandler
                0x0800138e                USBWakeUp_IRQHandler
 .text          0x08001390        0x4 c:/codesourcery/sourcery g++ lite/bin/../lib/gcc/arm-none-eabi/4.8.1/../../../../arm-none-eabi/lib/thumb2\libm.a(lib_a-wf_atan2.o)
                0x08001390                atan2f
 .text          0x08001394      0x148 c:/codesourcery/sourcery g++ lite/bin/../lib/gcc/arm-none-eabi/4.8.1/../../../../arm-none-eabi/lib/thumb2\libm.a(lib_a-ef_atan2.o)
                0x08001394                __ieee754_atan2f
 .text          0x080014dc      0x230 c:/codesourcery/sourcery g++ lite/bin/../lib/gcc/arm-none-eabi/4.8.1/../../../../arm-none-eabi/lib/thumb2\libm.a(lib_a-sf_atan.o)
                0x080014dc                atanf
 .text          0x0800170c        0x8 c:/codesourcery/sourcery g++ lite/bin/../lib/gcc/arm-none-eabi/4.8.1/../../../../arm-none-eabi/lib/thumb2\libm.a(lib_a-sf_fabs.o)
                0x0800170c                fabsf
 .text          0x08001714      0x370 c:/codesourcery/sourcery g++ lite/bin/../lib/gcc/arm-none-eabi/4.8.1/thumb2\libgcc.a(_arm_addsubdf3.o)
                0x08001714                __aeabi_drsub
                0x0800171c                __aeabi_dsub
                0x0800171c                __subdf3
                0x08001720                __aeabi_dadd
                0x08001720                __adddf3
                0x08001998                __floatunsidf
                0x08001998                __aeabi_ui2d
                0x080019b8                __floatsidf
                0x080019b8                __aeabi_i2d
                0x080019dc                __aeabi_f2d
                0x080019dc                __extendsfdf2
                0x08001a18                __floatundidf
                0x08001a18                __aeabi_ul2d
                0x08001a28                __floatdidf
                0x08001a28                __aeabi_l2d
 .text          0x08001a84      0x424 c:/codesourcery/sourcery g++ lite/bin/../lib/gcc/arm-none-eabi/4.8.1/thumb2\libgcc.a(_arm_muldivdf3.o)
                0x08001a84                __aeabi_dmul
                0x08001a84                __muldf3
                0x08001cd8                __divdf3
                0x08001cd8                __aeabi_ddiv
 .text          0x08001ea8       0xa0 c:/codesourcery/sourcery g++ lite/bin/../lib/gcc/arm-none-eabi/4.8.1/thumb2\libgcc.a(_arm_truncdfsf2.o)
                0x08001ea8                __truncdfsf2
                0x08001ea8                __aeabi_d2f
 .text          0x08001f48      0x21c c:/codesourcery/sourcery g++ lite/bin/../lib/gcc/arm-none-eabi/4.8.1/thumb2\libgcc.a(_arm_addsubsf3.o)
                0x08001f48                __aeabi_frsub
                0x08001f50                __subsf3
                0x08001f50                __aeabi_fsub
                0x08001f54                __aeabi_fadd
                0x08001f54                __addsf3
                0x080020b4                __aeabi_ui2f
                0x080020b4                __floatunsisf
                0x080020bc                __aeabi_i2f
                0x080020bc                __floatsisf
                0x080020d8                __aeabi_ul2f
                0x080020d8                __floatundisf
                0x080020e8                __aeabi_l2f
                0x080020e8                __floatdisf
 .text          0x08002164      0x2a0 c:/codesourcery/sourcery g++ lite/bin/../lib/gcc/arm-none-eabi/4.8.1/thumb2\libgcc.a(_arm_muldivsf3.o)
                0x08002164                __mulsf3
                0x08002164                __aeabi_fmul
                0x080022cc                __aeabi_fdiv
                0x080022cc                __divsf3
 .text          0x08002404       0xec c:/codesourcery/sourcery g++ lite/bin/../lib/gcc/arm-none-eabi/4.8.1/thumb2\libgcc.a(_arm_cmpsf2.o)
                0x08002404                __gesf2
                0x08002404                __gtsf2
                0x0800240c                __lesf2
                0x0800240c                __ltsf2
                0x08002414                __nesf2
                0x08002414                __eqsf2
                0x08002414                __cmpsf2
                0x08002474                __aeabi_cfrcmple
                0x0800247c                __aeabi_cfcmpeq
                0x0800247c                __aeabi_cfcmple
                0x0800248c                __aeabi_fcmpeq
                0x080024a0                __aeabi_fcmplt
                0x080024b4                __aeabi_fcmple
                0x080024c8                __aeabi_fcmpge
                0x080024dc                __aeabi_fcmpgt
 .text          0x080024f0       0x4c c:/codesourcery/sourcery g++ lite/bin/../lib/gcc/arm-none-eabi/4.8.1/thumb2\libgcc.a(_arm_fixsfsi.o)
                0x080024f0                __aeabi_f2iz
                0x080024f0                __fixsfsi
 *(.rodata*)
 .rodata.str1.1
                0x0800253c       0x6b build/src/main.c.o
 .rodata.str1.1
                0x080025a7       0x94 build/src/motor.c.o
                                 0x97 (size before relaxing)
 .rodata.str1.1
                0x0800263b      0x21f build/src/sensor.c.o
                                0x228 (size before relaxing)
 *fill*         0x0800285a        0x2 
 .rodata        0x0800285c       0x20 c:/codesourcery/sourcery g++ lite/bin/../lib/gcc/arm-none-eabi/4.8.1/../../../../arm-none-eabi/lib/thumb2\libm.a(lib_a-sf_atan.o)
 *(.init)
 .init          0x0800287c        0x4 c:/codesourcery/sourcery g++ lite/bin/../lib/gcc/arm-none-eabi/4.8.1/thumb2/crti.o
                0x0800287c                _init
 .init          0x08002880        0x8 c:/codesourcery/sourcery g++ lite/bin/../lib/gcc/arm-none-eabi/4.8.1/thumb2/crtn.o
 *(.fini)
 .fini          0x08002888        0x4 c:/codesourcery/sourcery g++ lite/bin/../lib/gcc/arm-none-eabi/4.8.1/thumb2/crti.o
                0x08002888                _fini
 .fini          0x0800288c        0x8 c:/codesourcery/sourcery g++ lite/bin/../lib/gcc/arm-none-eabi/4.8.1/thumb2/crtn.o
                0x08002894                _etext = .
                0x08002894                _sidata = _etext

.glue_7         0x08002894        0x0
 .glue_7        0x00000000        0x0 linker stubs

.glue_7t        0x08002894        0x0
 .glue_7t       0x00000000        0x0 linker stubs

.vfp11_veneer   0x08002894        0x0
 .vfp11_veneer  0x00000000        0x0 linker stubs

.v4_bx          0x08002894        0x0
 .v4_bx         0x00000000        0x0 linker stubs

.iplt           0x08002894        0x0
 .iplt          0x00000000        0x0 c:/codesourcery/sourcery g++ lite/bin/../lib/gcc/arm-none-eabi/4.8.1/thumb2/crtbegin.o

.rel.dyn        0x08002894        0x0
 .rel.iplt      0x00000000        0x0 c:/codesourcery/sourcery g++ lite/bin/../lib/gcc/arm-none-eabi/4.8.1/thumb2/crtbegin.o

.data           0x20000000       0x20 load address 0x08002894
                0x20000000                _sdata = .
 *(.data*)
 .data.SystemCoreClock
                0x20000000        0x4 build/src/system_stm32f103xb.c.o
                0x20000000                SystemCoreClock
 .data.g_i2c2_last_error
                0x20000004       0x1c build/src/sensor.c.o
                0x20000020                _edata = .

.igot.plt       0x20000020        0x0 load address 0x080028b4
 .igot.plt      0x00000000        0x0 c:/codesourcery/sourcery g++ lite/bin/../lib/gcc/arm-none-eabi/4.8.1/thumb2/crtbegin.o

.bss            0x20000020       0x2c load address 0x080028b4
                0x20000020                _sbss = .
 *(.bss*)
 .bss.last_cnt.4178
                0x20000020        0x2 build/src/main.c.o
 *fill*         0x20000022        0x2 
 .bss.cmd_target_speed
                0x20000024        0x4 build/src/main.c.o
                0x20000024                cmd_target_speed
 .bss.turn_cmd  0x20000028        0x4 build/src/main.c.o
                0x20000028                turn_cmd
 .bss.target_speed
                0x2000002c        0x4 build/src/main.c.o
                0x2000002c                target_speed
 .bss.initialized.4193
                0x20000030        0x4 build/src/motor.c.o
 .bss.v_prev.4184
                0x20000034        0x2 build/src/motor.c.o
 *fill*         0x20000036        0x2 
 .bss.print_div.4215
                0x20000038        0x4 build/src/motor.c.o
 .bss.v_prev.4192
                0x2000003c        0x2 build/src/motor.c.o
 *fill*         0x2000003e        0x2 
 .bss.initialized.4185
                0x20000040        0x4 build/src/motor.c.o
 .bss.integral  0x20000044        0x4 build/src/sensor.c.o
 .bss.g_i2c2_sr1_seen
                0x20000048        0x4 build/src/sensor.c.o
 *(COMMON)
                0x2000004c                _ebss = .
                0x2000004c                . = ALIGN (0x4)
                0x2000004c                _end = .
OUTPUT(bin/nucleo-f103rb.elf elf32-littlearm)

.ARM.attributes
                0x00000000       0x27
 .ARM.attributes
                0x00000000       0x19 c:/codesourcery/sourcery g++ lite/bin/../lib/gcc/arm-none-eabi/4.8.1/thumb2/crti.o
 .ARM.attributes
                0x00000019       0x33 build/src/main.c.o
 .ARM.attributes
                0x0000004c       0x33 build/src/system_stm32f103xb.c.o
 .ARM.attributes
                0x0000007f       0x33 build/src/motor.c.o
 .ARM.attributes
                0x000000b2       0x33 build/src/sensor.c.o
 .ARM.attributes
                0x000000e5       0x33 build/src/serial.c.o
 .ARM.attributes
                0x00000118       0x21 build/startup/startup_stm32f103xb.s.o
 .ARM.attributes
                0x00000139       0x29 c:/codesourcery/sourcery g++ lite/bin/../lib/gcc/arm-none-eabi/4.8.1/../../../../arm-none-eabi/lib/thumb2\libm.a(lib_a-wf_atan2.o)
 .ARM.attributes
                0x00000162       0x29 c:/codesourcery/sourcery g++ lite/bin/../lib/gcc/arm-none-eabi/4.8.1/../../../../arm-none-eabi/lib/thumb2\libm.a(lib_a-ef_atan2.o)
 .ARM.attributes
                0x0000018b       0x29 c:/codesourcery/sourcery g++ lite/bin/../lib/gcc/arm-none-eabi/4.8.1/../../../../arm-none-eabi/lib/thumb2\libm.a(lib_a-sf_atan.o)
 .ARM.attributes
                0x000001b4       0x29 c:/codesourcery/sourcery g++ lite/bin/../lib/gcc/arm-none-eabi/4.8.1/../../../../arm-none-eabi/lib/thumb2\libm.a(lib_a-sf_fabs.o)
 .ARM.attributes
                0x000001dd       0x19 c:/codesourcery/sourcery g++ lite/bin/../lib/gcc/arm-none-eabi/4.8.1/thumb2\libgcc.a(_arm_addsubdf3.o)
 .ARM.attributes
                0x000001f6       0x19 c:/codesourcery/sourcery g++ lite/bin/../lib/gcc/arm-none-eabi/4.8.1/thumb2\libgcc.a(_arm_muldivdf3.o)
 .ARM.attributes
                0x0000020f       0x19 c:/codesourcery/sourcery g++ lite/bin/../lib/gcc/arm-none-eabi/4.8.1/thumb2\libgcc.a(_arm_truncdfsf2.o)
 .ARM.attributes
                0x00000228       0x19 c:/codesourcery/sourcery g++ lite/bin/../lib/gcc/arm-none-eabi/4.8.1/thumb2\libgcc.a(_arm_addsubsf3.o)
 .ARM.attributes
                0x00000241       0x19 c:/codesourcery/sourcery g++ lite/bin/../lib/gcc/arm-none-eabi/4.8.1/thumb2\libgcc.a(_arm_muldivsf3.o)
 .ARM.attributes
                0x0000025a       0x19 c:/codesourcery/sourcery g++ lite/bin/../lib/gcc/arm-none-eabi/4.8.1/thumb2\libgcc.a(_arm_cmpsf2.o)
 .ARM.attributes
                0x00000273       0x19 c:/codesourcery/sourcery g++ lite/bin/../lib/gcc/arm-none-eabi/4.8.1/thumb2\libgcc.a(_arm_fixsfsi.o)
 .ARM.attributes
                0x0000028c       0x19 c:/codesourcery/sourcery g++ lite/bin/../lib/gcc/arm-none-eabi/4.8.1/thumb2/crtn.o

.comment        0x00000000       0x30
 .comment       0x00000000       0x30 build/src/main.c.o
                                 0x31 (size before relaxing)
 .comment       0x00000000       0x31 build/src/system_stm32f103xb.c.o
 .comment       0x00000000       0x31 build/src/motor.c.o
 .comment       0x00000000       0x31 build/src/sensor.c.o
 .comment       0x00000000       0x31 build/src/serial.c.o

.debug_info     0x00000000     0x2c83
 .debug_info    0x00000000      0x8c7 build/src/main.c.o
 .debug_info    0x000008c7      0x232 build/src/system_stm32f103xb.c.o
 .debug_info    0x00000af9      0xa98 build/src/motor.c.o
 .debug_info    0x00001591     0x1250 build/src/sensor.c.o
 .debug_info    0x000027e1      0x4a2 build/src/serial.c.o

.debug_abbrev   0x00000000      0xb58
 .debug_abbrev  0x00000000      0x217 build/src/main.c.o
 .debug_abbrev  0x00000217       0xcd build/src/system_stm32f103xb.c.o
 .debug_abbrev  0x000002e4      0x2b8 build/src/motor.c.o
 .debug_abbrev  0x0000059c      0x419 build/src/sensor.c.o
 .debug_abbrev  0x000009b5      0x1a3 build/src/serial.c.o

.debug_loc      0x00000000      0xfb2
 .debug_loc     0x00000000      0x210 build/src/main.c.o
 .debug_loc     0x00000210       0x3f build/src/system_stm32f103xb.c.o
 .debug_loc     0x0000024f      0x4af build/src/motor.c.o
 .debug_loc     0x000006fe      0x6f5 build/src/sensor.c.o
 .debug_loc     0x00000df3      0x1bf build/src/serial.c.o

.debug_aranges  0x00000000      0x238
 .debug_aranges
                0x00000000       0x38 build/src/main.c.o
 .debug_aranges
                0x00000038       0x28 build/src/system_stm32f103xb.c.o
 .debug_aranges
                0x00000060       0xa8 build/src/motor.c.o
 .debug_aranges
                0x00000108       0xe0 build/src/sensor.c.o
 .debug_aranges
                0x000001e8       0x50 build/src/serial.c.o

.debug_ranges   0x00000000      0x2f0
 .debug_ranges  0x00000000       0x28 build/src/main.c.o
 .debug_ranges  0x00000028       0x18 build/src/system_stm32f103xb.c.o
 .debug_ranges  0x00000040       0xb0 build/src/motor.c.o
 .debug_ranges  0x000000f0      0x1a8 build/src/sensor.c.o
 .debug_ranges  0x00000298       0x58 build/src/serial.c.o

.debug_macro    0x00000000     0x1540
 .debug_macro   0x00000000       0xa0 build/src/main.c.o
 .debug_macro   0x000000a0      0x868 build/src/main.c.o
 .debug_macro   0x00000908       0x52 build/src/main.c.o
 .debug_macro   0x0000095a       0x16 build/src/main.c.o
 .debug_macro   0x00000970       0x35 build/src/main.c.o
 .debug_macro   0x000009a5       0xa3 build/src/main.c.o
 .debug_macro   0x00000a48      0x20e build/src/main.c.o
 .debug_macro   0x00000c56      0x2e8 build/src/main.c.o
 .debug_macro   0x00000f3e       0x22 build/src/main.c.o
 .debug_macro   0x00000f60       0x73 build/src/system_stm32f103xb.c.o
 .debug_macro   0x00000fd3       0x92 build/src/motor.c.o
 .debug_macro   0x00001065      0x129 build/src/sensor.c.o
 .debug_macro   0x0000118e       0x3a build/src/sensor.c.o
 .debug_macro   0x000011c8       0x52 build/src/sensor.c.o
 .debug_macro   0x0000121a       0x16 build/src/sensor.c.o
 .debug_macro   0x00001230       0x19 build/src/sensor.c.o
 .debug_macro   0x00001249      0x19c build/src/sensor.c.o
 .debug_macro   0x000013e5       0xde build/src/sensor.c.o
 .debug_macro   0x000014c3       0x7d build/src/serial.c.o

.debug_line     0x00000000      0xfcd
 .debug_line    0x00000000      0x248 build/src/main.c.o
 .debug_line    0x00000248      0x1e6 build/src/system_stm32f103xb.c.o
 .debug_line    0x0000042e      0x3b2 build/src/motor.c.o
 .debug_line    0x000007e0      0x581 build/src/sensor.c.o
 .debug_line    0x00000d61      0x26c build/src/serial.c.o

.debug_str      0x00000000     0x624f
 .debug_str     0x00000000     0x4141 build/src/main.c.o
                               0x428c (size before relaxing)
 .debug_str     0x00004141       0x8c build/src/system_stm32f103xb.c.o
                               0x3f57 (size before relaxing)
 .debug_str     0x000041cd      0x193 build/src/motor.c.o
                               0x426a (size before relaxing)
 .debug_str     0x00004360     0x1e98 build/src/sensor.c.o
                               0x5f3d (size before relaxing)
 .debug_str     0x000061f8       0x57 build/src/serial.c.o
                               0x3fe0 (size before relaxing)

.debug_frame    0x00000000      0x5f8
 .debug_frame   0x00000000       0x70 build/src/main.c.o
 .debug_frame   0x00000070       0x3c build/src/system_stm32f103xb.c.o
 .debug_frame   0x000000ac      0x1a0 build/src/motor.c.o
 .debug_frame   0x0000024c      0x260 build/src/sensor.c.o
 .debug_frame   0x000004ac       0xac build/src/serial.c.o
 .debug_frame   0x00000558       0x20 c:/codesourcery/sourcery g++ lite/bin/../lib/gcc/arm-none-eabi/4.8.1/../../../../arm-none-eabi/lib/thumb2\libm.a(lib_a-wf_atan2.o)
 .debug_frame   0x00000578       0x30 c:/codesourcery/sourcery g++ lite/bin/../lib/gcc/arm-none-eabi/4.8.1/../../../../arm-none-eabi/lib/thumb2\libm.a(lib_a-ef_atan2.o)
 .debug_frame   0x000005a8       0x30 c:/codesourcery/sourcery g++ lite/bin/../lib/gcc/arm-none-eabi/4.8.1/../../../../arm-none-eabi/lib/thumb2\libm.a(lib_a-sf_atan.o)
 .debug_frame   0x000005d8       0x20 c:/codesourcery/sourcery g++ lite/bin/../lib/gcc/arm-none-eabi/4.8.1/../../../../arm-none-eabi/lib/thumb2\libm.a(lib_a-sf_fabs.o)
